#========================================================================						
#  EXPORT FILE DEFINITION 						
#						
#  1) Select profiles and frequencies   						
#     write # in front of those you don't want to export						
# 						
#  2) Select the variables for each profil 						
#     write 0 in the last column of those you don't want to export						
#						
#=========================================================================						
#========================================================================						
#  PART 1 : Profile definition						
#=========================================================================						
#Profile	Object	Frequency				
ProfileDef	climate	SafeMacroClimat	1			
ProfileDef	plot	SafePlot	1			
ProfileDef	zones	SafeCropZone	1			
ProfileDef	cells	SafeCell	1			
ProfileDef	trees	SafeTree	1			
ProfileDef	monthCells	SafeCell	30			
ProfileDef	annualPlot	SafePlot	365			
ProfileDef	annualCells	SafeCell	365			
ProfileDef	annualTrees	SafeTree	365			
#ProfileDef	voxels	SafeVoxel	1			
#ProfileDef	voxelsDetail	SafeVoxel	1			
#ProfileDef	voxelsOptim	SafeVoxel	1			
#ProfileDef	voxels3D	SafeVoxel	1			
#SELECTION of CELLS or DEPTHS 						
#Export	Object	Frequency	Ids	Depth		
#ProfileDef	cell	SafeCell	1	01-mars		
#ProfileDef	voxel	SafeVoxel	1	"1;10;30"	"1-10;20-30"	
#========================================================================						
#  PART 2 : Variable selection						
#=========================================================================						
#Profile	Object	Variable	Unit	Description	Order	Export
annualCells	SafeCell	cropSpeciesName	-	Crop species name	1	1
annualCells	SafeCell	yieldMax	t.ha-1	Maximum value of harvested yield (grain and hay) for the year	1	1
annualCells	SafeCell	heightMax	 m	Maximum crop height for the year	2	1
annualCells	SafeCell	biomassMax	 t.ha-1	Maximum crop biomass for the year	3	1
annualCells	SafeCell	laiMax	m2 leaf m-2 soil	Maximum crop LAI for the year	4	1
annualCells	SafeCell	eaiMax	m2 leaf m-2 soil	Maximum crop EAI for the year	5	1
annualCells	SafeCell	rootDepthMax	m	Maximum crop root depth for the year	6	1
annualCells	SafeCell	cropMaxTemperature	°C	Crop max temperature	7	1
annualCells	SafeCell	cropMinTemperature	°C	Crop min temperature	8	1
annualCells	SafeCell	annualSoilEvaporation	mm	annual evaporation	9	1
annualCells	SafeCell	annualCapillaryRise	mm	annual capillary rise	10	1
annualCells	SafeCell	annualDrainageBottom	mm	annual drainage bottom	11	1
annualCells	SafeCell	annualDrainageArtificial	mm	annual drainage artificial	12	1
annualCells	SafeCell	annualIrrigation	mm	annual irrigations	13	1
annualCells	SafeCell	annualRunOff	mm	annual run off	14	1
annualCells	SafeCell	annualSurfaceRunOff	mm	annual surface run off	15	1
annualCells	SafeCell	annualWaterDemand	liters	annual water demad	16	1
annualCells	SafeCell	annualWaterUptake	liters	annual water uptake	17	1
annualCells	SafeCell	annualWaterUptakeByTrees	liters	annual water uptake by trees	18	1
annualCells	SafeCell	annualNitrogenDemand	kg N ha-1	annual nitrogen demad	19	1
annualCells	SafeCell	annualNitrogenUptake	kg N ha-1	annual nitrogen extract	20	1
annualCells	SafeCell	annualNitrogenUptakeByTrees	kg N ha-1	annual nitrogen extract by trees	21	1
annualCells	SafeCell	annualNitrogenLeachingBottom	kg N ha-1	annual nitrogen leached at the base of the soil profile	22	1
annualCells	SafeCell	annualNitrogenLeachingWaterTable	kg N ha-1	annual nitrogen leached from water table	23	1
annualCells	SafeCell	annualParIncident	mol.(m2 of plot)-1	Annual Par Incident	24	1
annualCells	SafeCell	annualParIntercepted	mol.(m2 of plot)-1	Annual Par Intercepted	25	1
monthCells	SafeCell	monthYield	t.ha-1	month Crop yield	1	1
monthCells	SafeCell	monthLai	m2.m-2	month Lai	2	1
monthCells	SafeCell	monthEai	m2.m-2	month Eai	3	1
monthCells	SafeCell	monthBiomass	t ha-1	month Crop biomass	4	1
monthCells	SafeCell	monthDirectPar	moles.m-2	Mean monthly direct PAR in the sky	5	1
monthCells	SafeCell	monthDiffusePar	moles.m-2	Mean monthly diffuse PAR in the sky	6	1
monthCells	SafeCell	monthDirectParIntercepted	moles.m-2	Mean monthly direct PAR intercepted by the crop	7	1
monthCells	SafeCell	monthDiffuseParIntercepted	moles.m-2	Mean monthly diffuse PAR intercepted by the crop	8	1
monthCells	SafeCell	monthDirectParIncident	moles.m-2	Mean monthly direct PAR incident on the crop	9	1
monthCells	SafeCell	monthDiffuseParIncident	moles.m-2	Mean monthly diffuse PAR incident on the crop	10	1
monthCells	SafeCell	monthRelativeDirectParIncident	%	Mean monthly relative direct PAR incident on the crop	11	1
monthCells	SafeCell	monthRelativeDiffuseParIncident	%	Mean monthly relative diffuse PAR incident on the crop	12	1
monthCells	SafeCell	monthRelativeTotalParIncident	%	Mean monthly relative total PAR incident on the crop	13	1
monthCells	SafeCell	monthVisibleSky	%	Mean monthly percetage of sky that is unobstructed from the view of the crop	14	1
cells	SafeCell	cropSpeciesName	-	Crop species name	1	1
cells	SafeCell	cropAge	years	Age of crop since sowing	3	1
cells	SafeCell	phenologicStageVegetative	-	Crop phenologic stage reproductive 1=snu 2=plt 3=dor 4=ger 5=lev 6=amf 7=lax 8=sen 9=lan 10=rec	5	1
cells	SafeCell	phenologicStageReproductive	-	Crop phenologic stage vegetative 1=snu 2=flo 3=drp 4=nou 5=des 6=mat 7=rec	4	1
cells	SafeCell	yield	t ha-1	Harvested biomass of grain and hay	6	1
cells	SafeCell	biomass	t ha-1	Total crop biomass, including grain/fruit biomass	7	1
cells	SafeCell	grainBiomass	t ha-1	Crop grain yield at 0% moisture (converted from g m-2 in STICS output to t ha-1 within Hi-sAFe by dividing it by 100)	8	1
cells	SafeCell	tuberBiomass	t ha-1	matuber	8	1
cells	SafeCell	fruitBiomass	t ha-1	matfruit	8	1
cells	SafeCell	grainNumber	-	Grain number	9	1
cells	SafeCell	grainWeight	g	Weight of one grain (at 0% water content) 	10	1
cells	SafeCell	grainGrowthRate	t ha-1	Growth rate of the grains	11	1
cells	SafeCell	nitrogenGrain	t.ha-1	Amount of nitrogen in harvested organs (grains / fruits)	12	1
cells	SafeCell	biomassIncrement	t ha-1	Growth rate of the plant 	13	1
cells	SafeCell	height	m	Height of crop canopy	14	1
cells	SafeCell	densite	plants.m-2	Plant density	15	1
cells	SafeCell	rootDepth	m	Maximum crop root depth 	16	1
cells	SafeCell	lai	m2 leaf m-2 soil	Leaf area index	17	1
cells	SafeCell	eai	m2 leaf m-2 soil	Equivalent leaf area index of the envelopes of reproductive organs	18	1
cells	SafeCell	sla	cm2.g-1	Crop specific leaf area	19	1
cells	SafeCell	treeFineRootLength	m	Total fine root length of all trees in this cell	20	1
cells	SafeCell	treeCarbonCoarseRoots	kg C	Total coarse root carbon of all trees in this cell	21	1
cells	SafeCell	cropTemperature	degreesC	Crop leaf temperature	22	1
cells	SafeCell	soilSurfaceTemperature	degreesC	Temperature of top soil horizon (layer)	23	1
cells	SafeCell	etpCalculated	mm	Potential evapotranspiration (calculated via Penman method)	24	1
cells	SafeCell	hisafeWaterStress	-	Index of stomatic water stress 	25	1
cells	SafeCell	hisafeTurfac	-	Index of turgescence water stress	26	1
cells	SafeCell	hisafeSenfac	-	Index of senescence water stress	27	1
cells	SafeCell	sticsWaterStomatalStress	0-1	Index of stomatal water stress  (1 = no stress)	28	0
cells	SafeCell	sticsWaterSenescenceStress	0-1	Index of senescence water stress  (1 = no stress)	29	0
cells	SafeCell	sticsWaterTurgescenceStress	0-1	Index of turgescence water stress (1 = no stress)	30	0
cells	SafeCell	actualWaterPotential	cm	Crop water potential	31	1
cells	SafeCell	hisafeNitrogenStress	-	Nitrogen stress of the crop (calculated by Hisafe as uptake/demand) (1 = no stress)	32	1
cells	SafeCell	nitrogenNutritionIndex	0-1	Nitrogen nutrition index (satisfaction of nitrogen needs )	33	1
cells	SafeCell	sticsNitrogenBiomassStress	0-1	Index of nitrogen stress active on growth (LUE) in biomass (1 = no stress)	34	1
cells	SafeCell	sticsNitrogenLaiStress	0-1	Index of nitrogen stress active on leaf growth (1 = no stress)	35	1
cells	SafeCell	sticsNitrogenSenescenceStress	0-1	Index of nitrogen stress active on senescence (1 = no stress)	36	1
cells	SafeCell	tempStressLue	0-1	Temperature-related EPSIBMAX reduction factor 	37	1
cells	SafeCell	tempStressGrainFilling	0-1	tempStressGrainFilling	38	1
cells	SafeCell	frostStressPlantDensity	0-1	Index of stress on plant density during the plantlet stage (1 = no stress)	39	1
cells	SafeCell	frostStressFoliage	0-1	Index of stress on foliage during the juvenile (1 = no stress)	40	1
cells	SafeCell	frostStressReprod	0-1	Index of stress on flowers and fruits (1 = no stress)	41	1
cells	SafeCell	visibleSky	%	Percetage of sky that is unobstructed from the view of the crop	42	1
cells	SafeCell	totalParIncident	Mol. m-2	Radiation daily direct+diffuse incident PAR	43	1
cells	SafeCell	diffuseParIncident	moles m-2	Diffuse PAR incident on the crop	44	1
cells	SafeCell	directParIncident	moles m-2	Direct PAR incident on the crop	45	1
cells	SafeCell	totalParIntercepted	Mol. m-2	Radiation daily direct+diffuse intercepted PAR	46	1
cells	SafeCell	diffuseParIntercepted	moles m-2	Diffuse PAR intercepted by the crop	48	1
cells	SafeCell	directParIntercepted	moles m-2	Diffuse PAR intercepted by the crop	49	1
cells	SafeCell	relativeTotalParIncident	%	Percentage of above-tree-canopy total PAR that is incident on the crop	50	1
cells	SafeCell	relativeDiffuseParIncident	%	Percentage of above-tree-canopy diffuse PAR that is incident on the crop	51	1
cells	SafeCell	relativeDirectParIncident	%	Percentage of above-tree-canopy direct PAR that is incident on the crop	52	1
cells	SafeCell	relativeGlobalRadIncident	%	Percentage of above-tree-canopy global radiation that is incident on the crop	53	1
cells	SafeCell	waterDemand	liters	Water demand of the crop (maximum transpiration flux)	54	1
cells	SafeCell	waterDemandReduced	liters	Crop water demand reduced	55	1
cells	SafeCell	waterUptakeByCrop	liters	Water uptake by the crop	56	1
cells	SafeCell	waterUptakeByTrees	liters	Water uptake by trees	57	1
cells	SafeCell	waterUptakePotential	-	Water uptake potential	58	1
cells	SafeCell	soilEvaporation	mm	Water evaporated from soil	59	1
cells	SafeCell	mulchEvaporation	mm	Water evaporated from rain that was intercepted by mulch on the soil surface	60	1
cells	SafeCell	waterUptakeInSaturationByTrees	liters	Water uptake by trees from saturated voxels	61	1
cells	SafeCell	waterUptakeInSaturationByCrop	liters	Water uptake by crop from saturated voxels	62	1
cells	SafeCell	rainInterceptedByTrees	mm	Rain intercepted by tree canopies.	63	1
cells	SafeCell	rainInterceptedByCrop	mm	Rain intercepted by crop canopy	64	1
cells	SafeCell	rainTransmittedByTrees	mm	Rain transmitted (not intercepted) through tree canopies. Does not include stemflow.	65	1
cells	SafeCell	rainTransmittedByCrop	mm	Rain transmitted (not intercepted) through crop canopy. Des not include stemflow.	66	1
cells	SafeCell	stemFlowByTrees	mm	Flow of rain down tree stems (onto the cells where the trees are rooted)	67	1
cells	SafeCell	stemFlowByCrop	mm	Flow of rain down crop stems (onto the cell where the crop is rooted)	68	1
cells	SafeCell	waterAddedByWaterTable	liters	Water input to soil from rising water table (when a voxel becomes saturated, the water table adds water to a voxel in the amount of (fieldCapacity - waterContent)	69	1
cells	SafeCell	waterTakenByDesaturation	liters	Water taken by water table to desaturated voxels	70	1
cells	SafeCell	irrigation	mm	Water from irrigation	71	1
cells	SafeCell	capillaryRise	mm	Capillary uptake in the base of the soil profile	72	1
cells	SafeCell	runOff	mm	"The ""surface"" run-off associated with soil surface conditions plus the ""overflow"" runoff associated with saturation of the top soil layer and lack of infiltribility"	73	1
cells	SafeCell	drainageBottom	mm	Water drained at the bottom of the soil profile	74	1
cells	SafeCell	drainageArtificial	mm	Water drained into artificial drains	75	1
cells	SafeCell	surfaceRunOff	mm	"The ""surface"" run-off associated with soil surface conditions (and not associated with saturation of the top soil layer and lack of infiltribility)"	76	1
cells	SafeCell	carbonMulch	kgC.ha-1	Total C in mulch at soil surface	77	1
cells	SafeCell	carbonMulchTreeFoliage	kgC.ha-1	Total C in mulch from tree foliage at soil surface	78	1
cells	SafeCell	mulchWaterStock	mm	Water stock in the mulch	79	1
cells	SafeCell	mulchCoverRatio	ratio	Proportion of soil surface covered by mulch	80	1
cells	SafeCell	mulchBiomass	t.ha-1	Biomass of ALL mulch (accumulated litter from tree foliage, crops, and exogenous material) on the soil surface	81	1
cells	SafeCell	carbonResidus	kgC.ha-1	carbonResidus	82	1
cells	SafeCell	cropCarbonLeafLitter	kgC.ha-1	Carbon input to soil from crop aerial litter	83	1
cells	SafeCell	cropCarbonRootLitter	kgC.ha-1	Carbon input to soil from crop root litter	84	1
cells	SafeCell	totalCarbonHumusStock	kgC.ha-1	Total amount of carbon (active + inactive) in the soil humus pool 	85	1
cells	SafeCell	treeCarbonLeafLitter	kg C ha-1	Carbon input to soil from leaf litter	86	1
cells	SafeCell	treeCarbonFineRootLitter	kg C ha-1	Carbon input to soil from fine roots above profhum	87	1
cells	SafeCell	treeCarbonCoarseRootLitter	kg C ha-1	Carbon input to soil from coarse roots above profhum	88	1
cells	SafeCell	treeCarbonFineRootDeepLitter	kg C ha-1	Carbon input to soil from fine roots below profhum	89	1
cells	SafeCell	treeCarbonCoarseRootDeepLitter	kg C ha-1	Carbon input to soil from coarse roots below profhum	90	1
cells	SafeCell	activeCarbonHumusStock	kg C ha-1	Amount of active carbon in the soil humus pool 	91	1
cells	SafeCell	inactiveCarbonHumusStock	kg C ha-1	Amount of inactive carbon in the soil humus pool 	92	1
cells	SafeCell	carbonMicrobes	kgC.ha-1	Amount of C in the microbial biomass decomposing organic residues mixed with soil 	93	1
cells	SafeCell	carbonMicrobesMulch	kgC.ha-1	Amount of C in the microbial biomass decomposing organic residues at soil surface	94	1
cells	SafeCell	nitrogenDemand	kgN.ha-1	Nitrogen demand of the crop	95	1
cells	SafeCell	nitrogenUptakeByCrop	kgN.ha-1	Nitrogen uptake by the crop	96	1
cells	SafeCell	nitrogenUptakeByTrees	kgN.ha-1	Nitrogen uptake by trees	97	1
cells	SafeCell	nitrogenUptakeInSaturationByTrees	kg N ha-1	Nitrogen uptake by trees from saturated voxels	98	1
cells	SafeCell	nitrogenUptakeInSaturationByCrop	kg N ha-1	Nitrogen uptake by crop from saturated voxels	99	1
cells	SafeCell	nitrogenRain	kg N ha-1	Mineral nitrogen input to soil from rainfall 	100	1
cells	SafeCell	nitrogenRunOff	kg N ha-1	Mean of mineral nitrogen in soil run off 	101	1
cells	SafeCell	nitrogenFertilisationMineral	kg N ha-1	Mineral nitrogen applied to soil from mineral fertilizers and mineral fraction of organic fertilisers	102	1
cells	SafeCell	nitrogenFertilisationOrganic	kg N ha-1	Organic nitrogen applied to soil from organic fertilisers	103	1
cells	SafeCell	nitrogenIrrigation	kg N ha-1	Nitrogen input to soil from irrigation water	104	1
cells	SafeCell	nitrogenFixation	kg N ha-1	Nitrogen input to soil from symbiotic fixation by crop nodules	105	1
cells	SafeCell	nitrogenVolatilisation	kg N ha-1	Nitrogen lost via volatilisation of mineral fertiliser inputs	106	1
cells	SafeCell	nitrogenVolatilisationOrganic	kg N ha-1	Nitrogen lost via volatilisation of organic fertiliser inputs	107	1
cells	SafeCell	nitrogenDenitrification	kg N ha-1	Nitrogen lost via denitrification of fertiliser or within soil (if denitrification option is activated)	108	1
cells	SafeCell	nitrogenMulch	kg N ha-1	Total N in mulch at soil surface	109	1
cells	SafeCell	totalNitrogenHumusStock	kg N ha-1	Total amount of nitrogen (active + inactive) in the soil humus pool 	110	1
cells	SafeCell	activeNitrogenHumusStock	kg N ha-1	Amount of active nitrogen in the soil humus pool 	111	1
cells	SafeCell	inactiveNitrogenHumusStock	kg N ha-1	Amount of inactive nitrogen in the soil humus pool 	112	1
cells	SafeCell	nitrogenHumusMineralisation	kg N ha-1	Mineral N input to soil derived from humus mineralisation	113	1
cells	SafeCell	nitrogenResiduMineralisation	kg N ha-1	Mineral N input to soil derived from mineralisation of all organic residues	114	1
cells	SafeCell	nitrogenImmobilisation	kg N ha-1	Nitrogen from fertilizer that is immobilized by soil bacteria	115	1
cells	SafeCell	cropNitrogenLeafLitter	kgN.ha-1	Nitrogen input to soil from crop aerial litter	116	1
cells	SafeCell	cropNitrogenRootLitter	kgN.ha-1	Nitrogen input to soil from crop root litter	117	1
cells	SafeCell	nitrogenMicrobes	kg N ha-1	Amount of N remaining in the biomass decaying organic residues	118	1
cells	SafeCell	nitrogenMicrobesMulch	kg N ha-1	amount of N in microbial biomass decomposing mulch	119	1
cells	SafeCell	nitrogenLeachingBottom	kg N ha-1	NO3-N leached at the bottom of the soil profile	120	1
cells	SafeCell	nitrogenLeachingArtificial	kg N ha-1	N-NO3 leached into artificial drains	121	1
cells	SafeCell	nitrogenLeachingWaterTable	kg N ha-1	Nitrogen leached into the water table	122	1
cells	SafeCell	mineralNitrogenStock	kg N ha-1	Soil mineral nitrogen stock (NH4 stock + NO3 stock)	123	1
cells	SafeCell	nitrogenResidus	kgN.ha-1	Nitrogen pool in all soil organic residues	124	1
cells	SafeCell	treeNitrogenLeafLitter	kg N ha-5	Nitrogen input to soil from leaf litter	125	1
cells	SafeCell	treeNitrogenFineRootLitter	kg N ha-4	Nitrogen input to soil from fine roots above humification depth (profhum)	126	1
cells	SafeCell	treeNitrogenCoarseRootLitter	kg N ha-2	Nitrogen input to soil from coarse roots above humification depth (profhum)	127	1
cells	SafeCell	treeNitrogenFineRootDeepLitter	kg N ha-3	Nitrogen input to soil from fine roots below humification depth (profhum)	128	1
cells	SafeCell	treeNitrogenCoarseRootDeepLitter	kg N ha-1	Nitrogen input to soil from coarse roots below humification depth (profhum)	129	1
cells	SafeCell	nitrogenAddedByWaterTable	kg N ha-1	Nitrogen input to the soil from the water table	130	1
cells	SafeCell	nitrogenLossNitrification	kg N ha-1	cumulated N2O emission	131	1
cells	SafeCell	nitrogenShallowRootResidu	kgN.ha-1	Tree shallow root (above P_profhum) nitrogen residus 	132	1
cells	SafeCell	nitrogenDeepRootResidu	kgN.ha-1	Tree deep root (under P_profhum) nitrogen residus 	133	1
cells	SafeCell	nitrogenHarvested	t.ha-1	Total of exported nitrogen	134	1
cells	SafeCell	biomassHarvested	t ha-1	Total of exported carbon	135	1
cells	SafeCell	meanHisafeWaterStressVegetative	-	Mean of hisafe water stress between vegetative stages	136	1
cells	SafeCell	meanHisafeWaterStressReproductive	-	Mean of hisafe water stress between reprodutive stages	137	1
cells	SafeCell	meanHisafeNitrogenStressVegetative	-	Mean of hisafe nitrogen stress between vegetative stages	138	1
cells	SafeCell	meanHisafeNitrogenStressReproductive	-	Mean of hisafe nitrogen stress between reprodutive stages	139	1
cells	SafeCell	lueDay	kg MS/mole PAR	Daily Light Use Efficiency (daily gain of Biomass per daily unit radiation intercepted)	140	0
cells	SafeCell	lueInt	kg MS/mole PAR	Integrated Light Use Efficiency (Total biomass per total radiation intercepted since germination)	141	0
cells	SafeCell	wueDay	g MS liter-1	Daily Water use Efficiency (daily gain of biomass per daily unit water transpired)	142	0
cells	SafeCell	wueInt	g MS liter-1	Integrated Water Use Efficiency (Total Biomass per Total Water transpired since germination)	143	0
cells	SafeCell	tetstomate	% vol	Threshold of soil water content, below which swfac is induced (and limits transpiration and photosynthesis)	144	1
cells	SafeCell	teturg	% vol	Threshold of soil water content, below which turfac is induced (and limiting the surface area growth of leaves)	145	1
cells	SafeCell	coeflev	-	Multiplier coefficient of the crop development	153	0
cells	SafeCell	vitmoy	-	vitmoy	153	1
cells	SafeCell	ircarb	-	ircarb	153	1
cells	SafeCell	fruitBiomass	t ha-1	Total fruit biomass	153	1
cells	SafeCell	remobilj	-	remobilj	153	1
cells	SafeCell	TcultMin	-	TcultMin	153	1
cells	SafeCell	TcultMax	-	TcultMax	153	1
cells	SafeCell	deltai	-	deltai	153	1
cells	SafeCell	tempeff	-	tempeff	153	1
cells	SafeCell	efdensite	-	efdensite	153	1
cells	SafeCell	tustress	-	tustress	153	1
cells	SafeCell	exolai	-	exolai	153	1
cells	SafeCell	durvie	-	durvie	153	1
cells	SafeCell	laisen	-	laisen	153	1
cells	SafeCell	dltaisen	-	dltaisen	153	1
cells	SafeCell	waterStock	mm	waterStock	153	1
cells	SafeCell	qNplante	kg N ha-1	Qte of nitrogen in the plant	19	1
cells	SafeCell	qCplante	kg C ha-1	Qte of carbon in the plant	19	1
cells	SafeCell	qNplantefauche	kg N ha-1	Qte of nitrogen in the plant cut	19	1
cells	SafeCell	qNressuite	kg N ha-1	Qte of nitrogen in the residus	19	1
cells	SafeCell	qCressuite	kg C ha-1	Qte of carbon in the residus	19	1
layers	SafeLayer	nbVoxels	-	Voxel number	1	1
layers	SafeLayer	layerVolume	m3	Layer volume	2	1
layers	SafeLayer	bulkDensity	-	bulkDensity	3	1
layers	SafeLayer	fieldCapacity	-	fieldCapacity	4	1
layers	SafeLayer	wiltingPoint	-	wiltingPoint	5	1
layers	SafeLayer	bulkDensityFineSoil	-	bulkDensity of FineSoil	6	1
layers	SafeLayer	fieldCapacityFineSoil	-	fieldCapacity of FineSoil	7	1
layers	SafeLayer	wiltingPointFineSoil	-	wiltingPoint of FineSoil	8	1
layers	SafeLayer	layerWaterStock	l	layer Water Stock	9	1
layers	SafeLayer	layerNitrogenNo3Stock	g	layer NitrogenNo3 Stock	10	1
layers	SafeLayer	layerNitrogenNh4Stock	g	layer NitrogenNh4Stock	11	1
layers	SafeLayer	layerEvaporation	l	layer Evaporation	12	1
layers	SafeLayer	layerTreeRootDensity	m m-3	layer TreeRootDensity	13	1
layers	SafeLayer	layerCropRootDensity	m m-3	layer CropRootDensity	14	1
climate	SafeMacroClimat	minTemperature	°	Minimum temperature of the air	1	1
climate	SafeMacroClimat	maxTemperature	°	Maximum temperature of the air	2	1
climate	SafeMacroClimat	minRelativeHumidity	°	Minimum relative humidity of the air	3	1
climate	SafeMacroClimat	maxRelativeHumidity	°	Maximum relative humidity of the air	4	1
climate	SafeMacroClimat	precipitation	mm	Precipitation from input wth file	5	1
climate	SafeMacroClimat	rain	mm	Precipitation minus any calculated to fall as snow	6	1
climate	SafeMacroClimat	snow	mm	Precipitation calculated to fall as snow	7	1
climate	SafeMacroClimat	meltedSnow	mm	Snow stocked on ground that melts	8	1
climate	SafeMacroClimat	stockedSnow	mm	Snow stocked on the ground	9	1
climate	SafeMacroClimat	rainCapacityinSnow	mm	Rain stock capacity within snow on the ground	10	1
climate	SafeMacroClimat	rainCapturedBySnow	mm	Rain stocked within snow on the ground (i.e. rain that has fallen onto and been capture by preexisting snow)	11	1
climate	SafeMacroClimat	waterEnteringSoil	mm	water Entering the Soil	12	1
climate	SafeMacroClimat	etpPenman	mm	Potential evapotranspiration (calculated via Penman method)	13	1
climate	SafeMacroClimat	globalPar	Moles m-2	Global PAR radiation	14	1
climate	SafeMacroClimat	globalRadiation	MJ m-2	Global radiation	15	1
climate	SafeMacroClimat	diffusePar	Moles m-2	Diffuse PAR radiation	16	1
climate	SafeMacroClimat	directPar	Moles m-2	Direct PAR radiation	17	1
climate	SafeMacroClimat	extraTerrestrialRadiation	MJ m-2	Extraterrestrial radiation	18	1
climate	SafeMacroClimat	infraRedRadiation	W m-2	Infra-red radiation	19	1
climate	SafeMacroClimat	sunDeclination	radian	Sun declination	20	1
climate	SafeMacroClimat	dayLength	h	Day lenght	21	1
climate	SafeMacroClimat	airVpd	mbar	Vapour pressure deficit  of the air	22	1
climate	SafeMacroClimat	airVapourPressureSat	mbar	Saturated air vapor pressure	23	1
climate	SafeMacroClimat	airVapourPressure	mbar	Air vapour pressure	24	1
climate	SafeMacroClimat	waterTableDepth	m	Depth of water table below soil surface (negative values are in the downward direction)	25	1
climate	SafeMacroClimat	windSpeed	m s-1	Wind speed	26	1
annualPlot	SafePlot	leafAreaMax	m2	leafAreaMax	11	1
annualPlot	SafePlot	carbonFoliageMax	kg	carbonFoliageMax	12	1
annualPlot	SafePlot	annualWaterUptakeByTrees	mm	annualWaterUptakeByTrees	13	1
annualPlot	SafePlot	annualWaterUptakeByCrops	mm	annualWaterUptakeByCrop	14	1
annualPlot	SafePlot	annualNitrogenUptakeByTrees	kg N ha-1	annualNitrogenUptakeByTrees	16	1
annualPlot	SafePlot	annualNitrogenUptakeByCrops	kg N ha-1	annualNitrogenUptakeByCrop	17	1
annualPlot	SafePlot	annualEvaporation	mm	annualWaterEvaporated	19	1
annualPlot	SafePlot	annualRunOff	mm	annualRunOff	21	1
annualPlot	SafePlot	annualIrrigation	mm	annual Irrigation	22	1
annualPlot	SafePlot	annualSurfaceRunOff	mm	annualSurfaceRunOff	24	1
annualPlot	SafePlot	annualFertilisationMineral	mm	annual Irrigation in maincrop	22	1
annualPlot	SafePlot	annualFertilisationOrganic	mm	annual Irrigation in maincrop	22	1
annualPlot	SafePlot	annualRainInterceptedByTrees	mm	annualInterceptedRainByTrees	25	1
annualPlot	SafePlot	annualRainInterceptedByCrops	mm	annualInterceptedRainByCrop	26	1
annualPlot	SafePlot	annualRainTransmittedByTrees	mm	annualRainTransmittedByTrees	25	1
annualPlot	SafePlot	annualRainTransmittedByCrops	mm	annualRainTransmittedByCrops	26	1
annualPlot	SafePlot	annualDrainageBottom	mm	annualDrainageBottom	28	1
annualPlot	SafePlot	annualDrainageArtificial	mm	annualDrainageArtificial	29	1
annualPlot	SafePlot	annualNitrogenLeachingBottom	mm	annualNitrogenLeachingBottom	30	1
annualPlot	SafePlot	annualNitrogenLeachingWaterTable	mm	annualNitrogenLeachingWaterTable	31	1
annualPlot	SafePlot	annualWaterUptakeInSaturationByTrees	mm	annualWaterUptakeInSaturationByTrees	32	1
annualPlot	SafePlot	annualWaterUptakeInSaturationByCrops	mm	annualWaterUptakeInSaturationByCrop	33	1
annualPlot	SafePlot	annualParIncident	mol.(m2 of plot)-1	annualParIncident	35	1
annualPlot	SafePlot	annualParInterceptedByTrees	mol.(m2 of plot)-1	annualParInterceptedByTrees	38	1
annualPlot	SafePlot	annualParInterceptedByCrops	mol.(m2 of plot)-1	annualParInterceptedByCrop	39	1
annualPlot	SafePlot	annualTreesCarbonBranches	kg	annualTreesCarbonBranches	41	1
annualPlot	SafePlot	annualTreesCarbonCoarseRoots	kg	annualTreesCarbonCoarseRoots	42	1
annualPlot	SafePlot	annualTreesCarbonFineRoots	kg	annualTreesCarbonFineRoots	43	1
annualPlot	SafePlot	annualTreesCarbonLabile	kg	annualTreesCarbonLabile	44	1
annualPlot	SafePlot	annualTreesCarbonStem	kg	annualTreesCarbonStem	45	1
annualPlot	SafePlot	annualTreesCarbonStump	kg	annualTreesCarbonStump	46	1
annualPlot	SafePlot	annualNitrogenRain	kg N ha-1	annual nitrogen Rain	47	1
annualPlot	SafePlot	annualNitrogenIrrigation	kg N ha-1	annual nitrogen Irrigation	48	1
plot	SafePlot	totalParIncident	mol.(m2 of plot)-1	parIncident	29	1
plot	SafePlot	totalParInterceptedByTrees	mol.(m2 of plot)-1	parInterceptedByTrees	32	1
plot	SafePlot	totalParInterceptedByCrops	mol.(m2 of plot)-1	parInterceptedByMainCrop	33	1
plot	SafePlot	totalWaterStock	mm	Sum of water provided by all voxels (for saturated voxels, waterStock = fieldCapacity)	52	1
plot	SafePlot	totalWaterStockInSaturation	mm	Sum of water provided by all saturated voxels (for saturated voxels, waterStock = fieldCapacity)	52	1
plot	SafePlot	waterTableDepth	m	Depth of water table below soil surface (negative values are in the downward direction)	39	1
plot	SafePlot	totalWaterUptakeByTrees	liters	Sum of water extracted by trees / plot area	45	1
plot	SafePlot	totalWaterUptakeByCrops	mm	Sum of water extracted by main crop (mm) / plot area	44	1
plot	SafePlot	totalWaterAddedByWaterTable	liters	Sum of water provided by saturated voxels	136	1
plot	SafePlot	totalWaterToDesaturation	mm	WaterToDesaturation	108	1
plot	SafePlot	totalWaterUptakeInSaturationByCrops	mm	Sum of water extracted by main crop in saturated voxels (mm) / main crop area	46	1
plot	SafePlot	totalWaterUptakeInSaturationByTrees	liters	Sum of water extracted by trees in saturated voxels	47	1
plot	SafePlot	totalRainTransmittedByCrops	mm	Sum of water transmitted  by crops	48	1
plot	SafePlot	totalRainTransmittedByTrees	liters	Sum of water transmitted  by trees	49	1
plot	SafePlot	totalRainInterceptedByCrops	mm	Sum of water intercepted by crops leaves	48	1
plot	SafePlot	totalRainInterceptedByTrees	liters	Sum of water intercepted by trees leaves	49	1
plot	SafePlot	totalRunOff	mm	Mean of  run-off on the plot 	50	1
plot	SafePlot	totalSurfaceRunOff	mm	surfaceRunOff	51	1
plot	SafePlot	totalSoilEvaporation	mm	Soil evaporation	51	1
plot	SafePlot	totalIrrigation	mm	Irrigation 	40	1
plot	SafePlot	totalFertilisationMineral	kg N ha-1	fertilisationMineral	148	1
plot	SafePlot	totalFertilisationOrganic	kg N ha-1	fertilisationOrganic	149	1
plot	SafePlot	totalNitrogenRain	kg N ha-1	Mineral nitrogen from rainfall 	85	1
plot	SafePlot	totalNitrogenIrrigation	kg N ha-1	N inputs due to irrigation water	112	1
plot	SafePlot	totalDrainageBottom	mm	DrainageBottom	114	1
plot	SafePlot	totalDrainageArtificial	mm	DrainageArtificial	115	1
plot	SafePlot	totalNitrogenUptakeByTrees	kg N ha-1	Sum of N  extracted by trees	45	1
plot	SafePlot	totalNitrogenUptakeByCrops	kg N ha-1	Sum of N extracted by crops	44	1
plot	SafePlot	totalNitrogenUptakeInSaturationByCrops	kg N ha-1	Sum of N extracted by main crop in saturated voxels / plot area	46	1
plot	SafePlot	totalNitrogenUptakeInSaturationByTrees	kg N ha-1	Sum of N extracted by trees in saturated voxels	47	1
plot	SafePlot	totalNitrogenFixation	kg N ha-1	Mean Amount of fixed nitrogen by nodules (all plot)	117	1
plot	SafePlot	totalNitrogenHumusMineralisation	kg N ha-1	Mean of cumulative mineral N arising from humus (all plot)	118	1
plot	SafePlot	totalNitrogenResiduMineralisation	kg N ha-1	Mean of mineral N arising from organic residues (all plot)	119	1
plot	SafePlot	totalNitrogenDenitrification	kg N ha-1	 Daily denitrification of nitrogen from fertiliser or soil (if option  denitrification  is activated) (all plot)	120	1
plot	SafePlot	totalNitrogenLeachingBottom	kg N ha-1	nitrogenLeachingBottom	121	1
plot	SafePlot	totalNitrogenLeachingWaterTable	kg N ha-1	nitrogenLeachingWaterTable	122	1
plot	SafePlot	totalNitrogenAddedByWaterTable	kg N ha-1	Nitrogen AddedByWaterTable	123	1
plot	SafePlot	totalNitrogenVolatilisation	kg N ha-1	Mean of volatilisation of nitrogen from fertiliser (all plot)	124	1
plot	SafePlot	totalNitrogenVolatilisationOrganic	kg N ha-1	nitrogenVolatilisationOrganic	125	1
plot	SafePlot	totalBiomassRestitution	t ha-1	quantity of aerial residues from the previous crop // t.ha-1	58	1
plot	SafePlot	totalCarbonResidus	kgC.ha-1	totalcarbonResidus	59	1
plot	SafePlot	totalNitrogenResidus	kgN.ha-1	totalnitrogenResidus	147	1
plot	SafePlot	totalMineralNitrogenStock	kg N ha-1	Stock of Nh4 + No3 in the all voxels of the soil 	126	1
plot	SafePlot	totalNitrateStock	kg N ha-1	Stock of  No3 in the all voxels of the soil 	127	1
plot	SafePlot	totalCarbonHumusStock	kg C ha-1	Total amount of carbon (active + inactive) in the soil humus pool (mean of all cells)	65	1
plot	SafePlot	totalActiveCarbonHumusStock	kg C ha-1	Amount of active carbon in the soil humus pool (mean of all cells)	66	1
plot	SafePlot	totalInactiveCarbonHumusStock	kg C ha-1	Amount of inactive carbon in the soil humus pool (mean of all cells)	67	1
plot	SafePlot	totalNitrogenHumusStock	kg N ha-1	Total amount of nitrogen (active + inactive) in the soil humus pool (mean of all cells)	82	1
plot	SafePlot	totalActiveNitrogenHumusStock	kg N ha-1	Amount of active nitrogen in the soil humus pool (mean of all cells)	83	1
plot	SafePlot	totalInactiveNitrogenHumusStock	kg N ha-1	Amount of inactive nitrogen in the soil humus pool (mean of all cells)	84	1
plot	SafePlot	totalTreeCarbonLeafLitter	tC ha-1	Mean of carbon from leaves litter (all plot)	60	1
plot	SafePlot	totalTreeCarbonFineRootLitter	tC ha-1	Mean of carbon from fine roots litter (all plot above profhum)	61	1
plot	SafePlot	totalTreeCarbonCoarseRootLitter	tC ha-1	Mean of carbon from coarse roots litter (all plot above profhum)	62	1
plot	SafePlot	totalTreeCarbonFineRootDeepLitter	tC ha-1	Mean of carbon from fine roots deep litter (all plot bellow profhum)	63	1
plot	SafePlot	totalTreeCarbonCoarseRootDeepLitter	tC ha-1	Mean of carbon from coarse roots deep litter (all plot bellow profhum)	64	1
plot	SafePlot	totalTreeNitrogenLeafLitter	tN ha-1	Mean of nitrogen from leaves litter (all plot)	77	1
plot	SafePlot	totalTreeNitrogenFineRootLitter	tN ha-1	Mean of nitrogen from fine roots litter (all plot above profhum)	78	1
plot	SafePlot	totalTreeNitrogenCoarseRootLitter	tN ha-1	Mean of nitrogen from coarse roots litter (all plot above profhum)	79	1
plot	SafePlot	totalTreeNitrogenFineRootDeepLitter	tN ha-1	Mean of nitrogen from fine roots deep litter (all plot bellow profhum)	80	1
plot	SafePlot	totalTreeNitrogenCoarseRootDeepLitter	tN ha-1	Mean of nitrogen from coarse roots deep litter (all plot bellow profhum)	81	1
annualTrees	SafeTree	age	years	Age of tree since planting	1	1
annualTrees	SafeTree	dbh	cm	Tree diameter at breast height	2	1
annualTrees	SafeTree	height	m	tree height	3	1
annualTrees	SafeTree	leafAreaMax	m2	laiAboveCells	5	1
annualTrees	SafeTree	crownBaseHeight	m	Tree crown base height (i.e. pruned height, bole height)	6	1
annualTrees	SafeTree	crownRadiusInterRow	m	Tree inter-row crown radius (crown radius in the X direction)	7	1
annualTrees	SafeTree	crownRadiusTreeLine	m	Tree crown radius parallel to the tree line (crown radius in the Y direction)	8	1
annualTrees	SafeTree	crownRadiusVertical	m	Tree crown vertical radius	9	1
annualTrees	SafeTree	crownVolume	m3	Tree crown volume	10	1
annualTrees	SafeTree	branchVolume	m3	Tree branches volume	10	1
annualTrees	SafeTree	stemVolume	m3	Tree stem volume	11	1
annualTrees	SafeTree	stemYield	kg	Tree stem biomass	12	1
annualTrees	SafeTree	budburstDate	-	Date of budburst	1	1
annualTrees	SafeTree	leafExpansionEndingDate	-	Date of leaf Expansion End	2	1
annualTrees	SafeTree	leafFallStartingDate	-	Date of leaf Fall Start	3	1
annualTrees	SafeTree	leafFallEndingDate	-	Date of leaf Fall End	4	1
annualTrees	SafeTree	carbonFoliageMax	kg	Carbon foliage pool max	6	1
annualTrees	SafeTree	carbonBranches	kg C	Carbon pool in tree branches	74	1
annualTrees	SafeTree	carbonStem	kg C	Carbon pool in tree stem	75	1
annualTrees	SafeTree	carbonStump	kg C	Carbon pool in tree stump	76	1
annualTrees	SafeTree	carbonCoarseRoots	kg C	Carbon pool in tree coarse roots	77	1
annualTrees	SafeTree	carbonFineRoots	kg C	Carbon pool in tree fine roots	78	1
annualTrees	SafeTree	carbonLabile	kg C	Carbon in tree labile pool	79	1
annualTrees	SafeTree	carbonFruit	kg C	Carbon in tree fruit pool	79	1
annualTrees	SafeTree	waterUptakeAnnual	liters	Water uptake annual	7	1
annualTrees	SafeTree	nitrogenUptakeAnnual	kg N	Nitrogen uptake annual	8	1
annualTrees	SafeTree	parInterceptedAnnual	Moles	PAR intercepted annual	9	1
annualTrees	SafeTree	interceptedRainAnnual	liters	Water intercepted rain annual	10	1
annualTrees	SafeTree	carbonAllocToGrowthAnnual	kg c	CarbonAllocToGrowth annual	11	1
annualTrees	SafeTree	carbonFoliageSenAnnual	kg	carbonFoliageSenescence annual	12	1
annualTrees	SafeTree	carbonFineRootSenAnnual	kg C	Carbon fine roots annual senescent	13	1
annualTrees	SafeTree	carbonCoarseRootSenAnnual	kg C	Carbon coarse  roots annual senescent	14	1
annualTrees	SafeTree	carbonFineRootSenAnoxiaAnnual	kg C	Carbon fine roots annual senescent by anoxia	15	1
annualTrees	SafeTree	carbonCoarseRootSenAnoxiaAnnual	kg C	Carbon coarse  roots annual senescent by anoxia	16	1
trees	SafeTree	age	years	Age of tree since planting	1	1
trees	SafeTree	dbh	cm	Tree diameter at breast height	2	1
trees	SafeTree	height	m	tree height	3	1
trees	SafeTree	totalLeafArea	m2	Tree total leaf area	4	1
trees	SafeTree	leafArea	m2	Tree leaf area	4	1
trees	SafeTree	leafLue	g C MJ-1	Tree leaf lue	4	1
trees	SafeTree	lai	m2 leaf m-2 soil	Tree leaf area index	5	1
trees	SafeTree	crownBaseHeight	m	Tree crown base height (i.e. pruned height, bole height)	6	1
trees	SafeTree	crownRadiusInterRow	m	Tree inter-row crown radius (crown radius in the X direction)	7	1
trees	SafeTree	crownRadiusTreeLine	m	Tree crown radius parallel to the tree line (crown radius in the Y direction)	8	1
trees	SafeTree	crownRadiusVertical	m	Tree crown vertical radius	9	1
trees	SafeTree	crownVolume	m3	Tree crown volume	10	1
trees	SafeTree	branchVolume	m3	Tree branches volume	10	1
trees	SafeTree	stemVolume	m3	Tree stem volume	11	1
trees	SafeTree	stemYield	kg	Tree stem biomass	12	1
trees	SafeTree	phenologicalStage	0-4	Tree phenological stage	13	1
trees	SafeTree	fruitPhenologicalStage	0-4	Tree fruit phenological stage	13	1
trees	SafeTree	rootingDepth	m	Tree maximum rooting depth	14	1
trees	SafeTree	maxRootDistanceOnTreeLine	m	Tree maximum root extension parallel to tree line (in the Y direction)	15	1
trees	SafeTree	maxRootDistanceOnCropLine	m	Tree maximum inter-row root extension (in the X direction)	16	1
trees	SafeTree	totalRootLength	m	Total tree fine root length	17	1
trees	SafeTree	targetLfrRatio	kg C kg C-1	Target leaf to fine roots ratio (carbonFoliage / (carbonFoliage + carbonFineRoots))	18	1
trees	SafeTree	lfrRatio	kg kg-1	Tree leaf to fine root ratio (carbonFoliage / (carbonFoliage / carbonFineRoots))	19	1
trees	SafeTree	rootShootRatio	ratio	Ratio of belowground tree carbon to aboveground tree carbon	20	1
trees	SafeTree	lueStress	-	Index of the collective (water and nitrogen) stress effect on LUE	22	1
trees	SafeTree	lueWaterStress	-	Index of water stress effect on LUE	22	1
trees	SafeTree	lueNitrogenStress	-	Index of nitrogen  stress effect on LUE	22	1
trees	SafeTree	lueTemperatureStress	-	Index of temperature stress effect on LUE	22	1
trees	SafeTree	waterStress	0-1	Tree water stress (calculated as uptake/demand) (1 = no stress)	23	1
trees	SafeTree	nitrogenStress	0-1	Tree nitrogen stress, calculated as: total tree nitrogen content / optimal tree nitrogen content (max(min((totalN/totalOptiN), 1), 0)) (1 = no stress)	24	1
trees	SafeTree	totalParIntercepted	Moles	Radiation daily direct+diffuse intercepted PAR	25	1
trees	SafeTree	diffuseParIntercepted	Moles	Diffuse PAR intercepted by tree	26	1
trees	SafeTree	directParIntercepted	Moles	Direct PAR intercepted by tree	27	1
trees	SafeTree	globalRadIntercepted	MJ	Global radiation intercepted by tree	28	1
trees	SafeTree	lightCompetitionIndex	ratio	Index of light competition between trees relative to a single isolated tree	29	1
trees	SafeTree	captureFactorForDiffusePar	m2	Capture factor for diffuse PAR in light interception module	30	1
trees	SafeTree	captureFactorForDirectPar	m2	Capture factor for direct PAR in light interception module	31	1
trees	SafeTree	captureFactorForDirectNir	m2	Capture factor for direct NIR in light interception module	32	1
trees	SafeTree	captureFactorForDiffuseNir	m2	Capture factor for diffuse NIR in light interception module	33	1
trees	SafeTree	actualWaterPotential	cm	Tree water potential with reduced uptake	34	1
trees	SafeTree	waterDemand	liters	Tree water demand	35	1
trees	SafeTree	waterDemandReduced	liters	Reduced water demand for Rachmat water extraction module	36	1
trees	SafeTree	waterUptake	liters	Tree water uptake	37	1
trees	SafeTree	waterUptakeInSaturation	liters	Tree water uptake from saturated voxels	38	1
trees	SafeTree	waterUptakePotential	-	treeWaterUptakePotential	39	1
trees	SafeTree	treeLeafTranspirationRate	%	treeLeafTranspirationRate	40	1
trees	SafeTree	stemflow	liters	Stemflow	41	1
trees	SafeTree	interceptedRain	liters	Rain intercepted by tree canopy	42	1
trees	SafeTree	storedRain	liters	Rain intercepted by tree canopy that is stored until the next day	43	1
trees	SafeTree	evaporatedRain	liters	Rain intercepted by the tree canopy that is then evaporated off	44	1
trees	SafeTree	rootedVolume	m3 of soil	Total volume of voxels containing tree roots	45	1
trees	SafeTree	nitrogenDemandBeforeFixation	kg N	Tree nitrogen demand before fixation	47	1
trees	SafeTree	nitrogenDemandAfterFixation	kg N	Tree nitrogen demand after fixation	47	1
trees	SafeTree	nitrogenUptake	kg N	Tree nitrogen uptake	48	1
trees	SafeTree	nitrogenUptakeInSaturation	kg N	Tree nitrogen uptake from saturated voxels	49	1
trees	SafeTree	nitrogenSatisfaction	ratio	Tree nitrogen satisfaction, calculated as: min((totalN/(totalOptiN*targetNCoefficient)), 1)	50	1
trees	SafeTree	nitrogenSaturation	ratio	Tree nitrogen saturation, calculated as: min((totalN-(totalOptiN * targetNCoefficient))/(totalOptiN * targetNCoefficient * (luxuryNCoefficient-1)), 1)	51	1
trees	SafeTree	nitrogenStem	kg N	Nitrogen pool in tree stem	52	1
trees	SafeTree	nitrogenStump	kg N	Nitrogen pool in tree stump	53	1
trees	SafeTree	nitrogenFoliage	kg N	Nitrogen pool in tree foliage	54	1
trees	SafeTree	nitrogenBranches	kg N	Nitrogen pool in tree branches	55	1
trees	SafeTree	nitrogenCoarseRoots	kg N	Nitrogen pool in tree coarse roots	56	1
trees	SafeTree	nitrogenFineRoots	kg N	Nitrogen pool in tree fine roots	57	1
trees	SafeTree	nitrogenLabile	kg N	Nitrogen in tree labile pool	58	1
trees	SafeTree	nitrogenFruit	kg N	Nitrogen in tree fruit pool	58	1
trees	SafeTree	nitrogenFoliageSen	kg N	Nitrogen senesced in tree foliage	59	1
trees	SafeTree	nitrogenCoarseRootSen	kg N	Nitrogen senesced in tree coarse roots (includes roots above and below the humification depth)	60	1
trees	SafeTree	nitrogenCoarseRootSenAnoxia	kg N	Nitrogen senesced in tree coarse roots caused by anoxia (includes roots above and below the humification depth)	61	1
trees	SafeTree	nitrogenFineRootSen	kg N	Nitrogen senesced in tree fine roots (includes roots above and below the humification depth)	62	1
trees	SafeTree	nitrogenFineRootSenAnoxia	kg N	Nitrogen senesced in tree fine roots caused by anoxia (includes roots above and below the humification depth)	63	1
trees	SafeTree	nitrogenBranchesExported	kg N	Nitrogen exported (removed from scene) in branches. Occurs during any tree thinning or branch pruning.	64	1
trees	SafeTree	nitrogenFoliageExported	kg N	Nitrogen exported (removed from scene) in foliage. Occurs during tree thinning or branch pruning when leaves are present.	65	1
trees	SafeTree	nitrogenStemExported	kg N	Nitrogen exported (removed from scene) in stem. Occurs during any tree thinning.	66	1
trees	SafeTree	nitrogenFruitExported	kg N	Nitrogen exported (removed from scene) in fruit.	66	1
trees	SafeTree	totalOptiN	kg N	Optimum level of (structural) nitrogen for whole tree (i.e. sum of optimal nitrogen level in all non-labile pools)	67	1
trees	SafeTree	totalN	kg N	Total nitrogen for whole tree	67	1
trees	SafeTree	nitrogenSinkStrength	-	Tree nitrogen sink strength, calculated as nitrogenDemand / totalFineRootLength	68	1
trees	SafeTree	carbonAllocToGrowth	kg C tree-1	Assimilated carbon that is allocated to growth (i.e. not to carbonLabile)	69	1
trees	SafeTree	carbonIncrement	kg c	Carbon assimilated by the tree	70	1
trees	SafeTree	carbonAboveGroundEff	kg kg -1	"Tree aboveground carbon ""efficiency"" calculated as: carbonFoliage/(carbonFoliage+carbonStem+carbonBranches)"	71	1
trees	SafeTree	carbonBelowGroundEff	-	below ground carbon efficiency	72	1
trees	SafeTree	totalCarbonFoliage	kg C	Carbon pool in tree foliage	73	1
trees	SafeTree	carbonBranches	kg C	Carbon pool in tree branches	74	1
trees	SafeTree	carbonStem	kg C	Carbon pool in tree stem	75	1
trees	SafeTree	carbonStump	kg C	Carbon pool in tree stump	76	1
trees	SafeTree	carbonCoarseRoots	kg C	Carbon pool in tree coarse roots	77	1
trees	SafeTree	carbonFineRoots	kg C	Carbon pool in tree fine roots	78	1
trees	SafeTree	carbonLabile	kg C	Carbon in tree labile pool	79	1
trees	SafeTree	carbonFruit	kg C	Carbon in tree fruit pool	79	1
trees	SafeTree	carbonFoliageIncrement	kg C	Carbon foliage daily allocated	80	1
trees	SafeTree	carbonLabileIncrement	kg C	Carbon labile daily allocated	81	1
trees	SafeTree	carbonBranchesIncrement	kg C	Carbon branch daily allocated	81	1
trees	SafeTree	carbonStemIncrement	kg C	Carbon stem daily allocated	82	1
trees	SafeTree	carbonStumpIncrement	kg C	Carbon stump daily allocated	83	1
trees	SafeTree	carbonCoarseRootsIncrement	kg C	Carbon coarse roots daily allocated	84	1
trees	SafeTree	carbonFineRootsIncrement	kg C	Carbon fine roots daily allocated	85	1
trees	SafeTree	carbonFruitIncrement	kg C	Carbon fruit daily allocated	85	1
trees	SafeTree	carbonFineRootSen	kg C	Carbon senesced in tree fine roots (includes roots above and below the humification depth)	86	1
trees	SafeTree	carbonFineRootSenAnoxia	kg C	Carbon senesced in tree fine roots caused by anoxia (includes roots above and below the humification depth)	87	1
trees	SafeTree	carbonCoarseRootSen	kg C	Carbon senesced in tree coarse roots (includes roots above and below the humification depth)	88	1
trees	SafeTree	carbonCoarseRootSenAnoxia	kg C	Carbon senesced in tree coarse roots caused by anoxia (includes roots above and below the humification depth)	89	1
trees	SafeTree	carbonFoliageSen	kg C	Carbon senesced in tree foliage	90	1
trees	SafeTree	carbonBranchesExported	kg C	Carbon exported (removed from scene) in branches. Occurs during any tree thinning or branch pruning.	91	1
trees	SafeTree	carbonFoliageExported	kg C	Carbon exported (removed from scene) in foliage. Occurs during tree thinning or branch pruning when leaves are present.	92	1
trees	SafeTree	carbonStemExported	kg C	Carbon exported (removed from scene) in stem. Occurs during any tree thinning.	93	1
trees	SafeTree	carbonFruitExported	kg C	Carbon exported (removed from scene) in fruit.	93	1
trees	SafeTree	nCFoliage	kg N kg C -1	N/C ratio of tree foliage pool	94	1
trees	SafeTree	nCBranches	kg N kg C -1	N/C ratio of tree branch pool	95	1
trees	SafeTree	nCStem	kg N kg C -1	N/C ratio of tree stem pool	96	1
trees	SafeTree	nCStump	kg N kg C -1	N/C ratio of tree stump pool	97	1
trees	SafeTree	nCCoarseRoots	kg N kg C -1	N/C ratio of tree coarse root pool	98	1
trees	SafeTree	nCFineRoots	kg N kg C -1	N/C ratio of tree fine root pool	99	1
trees	SafeTree	nCFruit	kg N kg C -1	N/C ratio of tree fruit pool	100	1
trees	SafeTree	nCLabile	kg N kg C -1	N/C ratio of tree labile pool	100	1
trees	SafeTree	aboveGroundCFraction	ratio	Fraction of woody C located within stem and branches. Woody compartments include stem, branches, stump, and coarse roots. 	101	1
trees	SafeTree	aboveGroundAllocFrac	ratio	Carbon above ground allocation fraction	100	1
trees	SafeTree	belowGroundAllocFrac	ratio	Carbon below ground allocation fraction	100	1
trees	SafeTree	carbonCoarseRootTarget	kg C	carbonCoarseRootTarget	100	1
trees	SafeTree	carbonCoarseRootImbalance	kg C	carbonCoarseRootImbalance	100	1
trees	SafeTree	budburstAccumulatedTemperature	-	budburstAccumulatedTemperature	125	1
trees	SafeTree	budburstAccumulatedColdTemperature	-	budburstAccumulatedColdTemperature	125	1
trees	SafeTree	heatAccumulatedTemperature	-	heatAccumulatedTemperature	126	1
trees	SafeTree	budburstDate	-	budburstDate	127	1
trees	SafeTree	floweringDate	-	floweringDate	128	1
trees	SafeTree	fruitSettingDate	-	fruitSettingDate	129	1
trees	SafeTree	fruitGrowthDate	-	fruitGrowthDate	130	1
trees	SafeTree	veraisonDate	-	veraisonDate	131	1
trees	SafeTree	floweringDuration	-	floweringDuration	128	1
trees	SafeTree	leafExpansionEndingDate	-	leafExpansionEndingDate	132	1
trees	SafeTree	leafFallStartingDate	-	leafFallStartingDate	133	1
trees	SafeTree	leafFallEndingDate	-	leafFallEndingDate	134	1
trees	SafeTree	leafAreaReductionFactor	-	leafAreaReductionFactor	137	1
trees	SafeTree	flowerNbrPotentialFromLeafArea	-	flowerNbrPotentialFromLeafArea	137	1
trees	SafeTree	flowerNbrPotentialReducer	-	flowerNbrPotentialReducer	137	1
trees	SafeTree	flowerNbrPotential	-	Flower number Potential	137	1
trees	SafeTree	flowerNbrPotentialDaily	-	Flower number Potential Daily	137	1
trees	SafeTree	flowerNbr	-	Flower number	137	1
trees	SafeTree	fruitNbr	-	Fruit number	137	1
trees	SafeTree	fruitCarbonStressIndex	-	fruitCarbonStressIndex	137	1
trees	SafeTree	floweringHeatStress	-	floweringHeatStress	137	1
trees	SafeTree	floweringFrostStress	-	floweringFrostStress	137	1
trees	SafeTree	fruitCarbonTarget	-	fruitCarbonTarget	137	1
trees	SafeTree	fruitDemandTarget	-	fruitDemandTarget	137	1
trees	SafeTree	fruitMeanDryMatterWeight	-	fruit mean DryMatterWeight	137	1
trees	SafeTree	fruitMeanFreshMatterWeight	-	fruitmean FreshMatterWeight	137	1
trees	SafeTree	fruitThinningDaily	-	fruitThinningDaily	137	1
trees	SafeTree	fruitVolume 	-	fruitVolume 	137	1
trees	SafeTree	fruitEquivalentSurfaceArea	-	fruitEquivalentSurfaceArea	137	1
trees	SafeTree	fruitOilConcentration	-	fruitOilConcentration	137	1
trees	SafeTree	fruitOilWeight 	-	fruitOilWeight 	137	1
trees	SafeTree	fruitOilYield	-	fruitOilYield	137	1
trees	SafeTree	co2LueEffect	0-1	Effect of CO2 on LUE	25	1
trees	SafeTree	co2WueEffect	0-1	Effect of CO2 on WUE	25	1
voxels	SafeVoxel	thickness	m	Voxel thickness	1	1
voxels	SafeVoxel	volume	m3	Voxel volume	1	1
voxels	SafeVoxel	bulkDensity	kg m-3	Soil bulk densiity (including fine soil and stones)	2	1
voxels	SafeVoxel	fieldCapacity	m m-3	Soil field capacity (including fine soil and stones)	3	1
voxels	SafeVoxel	wiltingPoint	m m-3	Soil wilting point (fine soil + stones)	4	1
voxels	SafeVoxel	waterStock	liters	Soil water stock	5	1
voxels	SafeVoxel	theta	m3 m-3	Fractional soil water content (fine soil + stones)	6	1
voxels	SafeVoxel	isSaturated	-	Saturated voxel	7	1
voxels	SafeVoxel	waterPotentialTheta	cm	Soil water potential	9	1
voxels	SafeVoxel	nitrogenNh4Stock	g N 	NH4 stock in voxel	10	1
voxels	SafeVoxel	nitrogenNo3Stock	g N 	NO3 stock in voxel	11	1
voxels	SafeVoxel	cropRootDensity	m m-3	Crop root density	12	1
voxels	SafeVoxel	cropWaterUptake	liters	Crop water uptake	13	1
voxels	SafeVoxel	cropNitrogenUptake	g N 	Crop nitrogen uptake	14	1
voxels	SafeVoxel	colonisationDirection	-	Colonisation Direction	15	1
voxels	SafeVoxel	treeRootDensity	m m-3	Tree fine root density	16	1
voxels	SafeVoxel	treeRootDensitySen	m m-3	Tree fine root density senescence	16	1
voxels	SafeVoxel	totalTreeRootDensity	m roots m-3 soil	Sum of fine root density from all trees	17	1
voxels	SafeVoxel	treeWaterUptake	liters	Tree water uptake	18	1
voxels	SafeVoxel	totalTreeWaterUptake	liters	Sum of water uptake by all trees	19	1
voxels	SafeVoxel	treeNitrogenUptake	g N 	Tree nitrogen uptake quantity	20	1
voxels	SafeVoxel	totalTreeNitrogenUptake	g N 	N uptake by tree 	21	1
voxels	SafeVoxel	treeCarbonCoarseRoot	kg C	Tree coarse root biomass	22	1
voxels	SafeVoxel	treeCarbonCoarseRootSen	Kg	tree carbonCoarseRootSen	23	1
voxels	SafeVoxel	treeNitrogenCoarseRootSen	Kg	tree nitrogenCoarseRootSen	24	1
voxels	SafeVoxel	treeCarbonFineRootSen	Kg	tree carbonFineRootSen	25	1
voxels	SafeVoxel	treeNitrogenFineRootSen	Kg	nitrogenFineRootSen	26	1
voxels	SafeVoxel	mineralNitrogenStock	g N 	Nitrogen stock No3+Nh4	27	1
voxels	SafeVoxel	nitrogenRootResidu	g N 	nitrogenRootResidu	29	1
voxels	SafeVoxel	nitrogenAvailableForBoth	g N 	nitrogenAvailableForBoth	30	1
voxels	SafeVoxel	nitrogenAvailableForTrees	g N 	nitrogenAvailableForTrees	31	1
voxels	SafeVoxel	nitrogenAvailableForCrops	g N 	nitrogenAvailableForCrops	32	1
voxels	SafeVoxel	saturationDuration	days	Number of days since saturation in this voxel was initiated	33	1
voxels	SafeVoxel	treeRootAgeInWater	days	Number of days tree have roots in water table	33	1
voxels	SafeVoxel	totalTreeCarbonCoarseRootSen	kg C	C senesced from coarse roots by tree 	34	1
voxels	SafeVoxel	totalTreeNitrogenCoarseRootSen	g N 	N senesced from coarse roots by tree 	35	1
voxels	SafeVoxel	totalTreeCarbonFineRootSen	kg C	C senesced from fine roots by tree 	36	1
voxels	SafeVoxel	totalTreeNitrogenFineRootSen	g N 	N senesced from fine roots by tree 	37	1
voxels	SafeVoxel	totalTreeCarbonCoarseRoot	kg	totalTreeCarbonCoarseRoot 	38	1
voxels	SafeVoxel	totalTreeCarbonCoarseRootTarget	kg	totalTreeCarbonCoarseRootTarget 	38	1
voxels	SafeVoxel	totalTreeCarbonCoarseRootImbalance	kg	totalTreeCarbonCoarseRootImbalance 	38	1
voxels	SafeVoxel	totalTreeRootDensitySen	kg	totalTreeRootDensitySen 	38	1
voxelsDetail	SafeVoxel	coefWater0	-	Voxel automata variable	1	1
voxelsDetail	SafeVoxel	coefNitrogen0	-	Voxel automata variable	2	1
voxelsDetail	SafeVoxel	coefCost0	-	Voxel automata variable	3	1
voxelsDetail	SafeVoxel	coefWater1	-	Voxel automata variable	4	1
voxelsDetail	SafeVoxel	coefNitrogen1	-	Voxel automata variable	5	1
voxelsDetail	SafeVoxel	coefCost1	-	Voxel automata variable	6	1
voxelsDetail	SafeVoxel	waterMark	-	Voxel automata variable	7	1
voxelsDetail	SafeVoxel	nitrogenMark	-	Voxel automata variable	8	1
voxelsDetail	SafeVoxel	costMark	-	Voxel automata variable	9	1
voxelsDetail	SafeVoxel	totalMark	-	Voxel automata variable	10	1
voxelsDetail	SafeVoxel	proportion	-	proportion	11	1
voxelsDetail	SafeVoxel	waterEfficiency	L m-1	Water uptake efficiency of the fine roots in this voxel (water uptake divided by fine root length)	12	1
voxelsDetail	SafeVoxel	nitrogenEfficiency	kg N m-1	Nitrogen uptake efficiency of the fine roots in this voxel (nitrogen uptake divided by fine root length)	13	1
voxelsDetail	SafeVoxel	fineRootCost	kg coarse root m-1 fine root	Cost of tree fine roots (the biomass of coarse roots necessary to support the fine roots in this voxel)	14	1
voxelsDetail	SafeVoxel	waterEfficiencyMax	L m-1	waterEfficiencyMax	15	1
voxelsDetail	SafeVoxel	nitrogenEfficiencyMax	kg N m-1	nitrogenEfficiencyMax	16	1
voxelsDetail	SafeVoxel	fineRootCostMax	-	Voxel automata variable	17	1
voxelsDetail	SafeVoxel	neighboursColonisedNumber	-	neighboursColonisedNumber	18	1
voxelsDetail	SafeVoxel	fineRootTotalInvestment	-	Voxel automata variable	19	1
voxelsDetail	SafeVoxel	additionalRootToVoxel	m	Additional root length allocated to voxel (to be used for both proliferation AND colonization)	20	1
voxelsDetail	SafeVoxel	voxelFilling	-	Voxel automata variable	21	1
voxelsDetail	SafeVoxel	L0	-	Voxel automata variable	22	1
voxelsDetail	SafeVoxel	L1	-	Voxel automata variable	23	1
voxelsDetail	SafeVoxel	L2	-	Voxel automata variable	24	1
voxelsDetail	SafeVoxel	Lmin	-	Voxel automata variable	25	1
voxelsDetail	SafeVoxel	Lmax	-	Voxel automata variable	26	1
voxelsDetail	SafeVoxel	waterAvailable	-	waterAvailable	29	1
voxelsDetail	SafeVoxel	waterUptakePotential	-	waterUptakePotential	30	1
voxelsDetail	SafeVoxel	thetaFineSoil	m3 m-3	Fractional water content of fine soil component of soil	38	1
voxelsDetail	SafeVoxel	thetaStone	m3 m-3	Fractional water content of stone component of soil	39	1
voxelsDetail	SafeVoxel	waterPotentialThetaFineSoil	cm	Water potential of the fine soil component of soil	40	1
voxelsDetail	SafeVoxel	waterStockFineSoil	liters	Water potential of the fine soil component of soil	41	1
voxelsDetail	SafeVoxel	fieldCapacityFineSoil	m m-3	Field capacity of fine soil component of soil	42	1
voxelsDetail	SafeVoxel	fieldCapacityStone	m m-3	Field capacity of stone component of soil	43	1
voxelsDetail	SafeVoxel	wiltingPointFineSoil	m m-3	Wilting point of fine soil component of soil	44	1
voxelsDetail	SafeVoxel	wiltingPointStone	m m-3	Wilting point of stone component of soil	45	1
voxelsDetail	SafeVoxel	bulkDensityFineSoil	kg m-3	Bulk density of fine soil component of soil	46	1
voxelsDetail	SafeVoxel	volumeFineSoil	m3	Volume of the fine soil in the voxel (voxel volume reduced by volume of stones)	47	1
zones	SafeCropZone	area	m2	Surface area of the zone	2	1
zones	SafeCropZone	cropSpeciesName	-	Name of crop species	1	1
zones	SafeCropZone	totalCropBiomass	t ha-1	Total biomass	5	1
zones	SafeCropZone	meanCropBiomass	t ha-1	Mean biomass	5	1
zones	SafeCropZone	meanPeakCropBiomass	t ha-1	Mean peak biomass	5	1
zones	SafeCropZone	totalCropYield	t ha-1	Total yield	6	1
zones	SafeCropZone	meanCropYield	t ha-1	Mean yield	6	1
zones	SafeCropZone	meanPeakCropYield	t ha-1	Mean peak yield	6	1
zones	SafeCropZone	totalCropLai	m2 leaf m-2 soil	Total LAI	10	1
zones	SafeCropZone	meanCropLai	m2 leaf m-2 soil	Mean LAI	10	1
zones	SafeCropZone	meanPeakCropLai	m2 leaf m-2 soil	Mean peak LAI	10	1
zones	SafeCropZone	totalCropEai	m2 leaf m-2 soil	Total EAI	11	1
zones	SafeCropZone	meanCropEai	m2 leaf m-2 soil	Mean EAI	11	1
zones	SafeCropZone	meanPeakCropEai	m2 leaf m-2 soil	Mean peak EAI	11	1
zones	SafeCropZone	totalCropHeight	m	Mean canopy height	13	1
zones	SafeCropZone	meanCropHeight	m	Mean canopy height	13	1
zones	SafeCropZone	meanCropGrainNumber	nbr m-2	Mean of number of grains	8	1
zones	SafeCropZone	meanCropGrainWeight	g	Mean of grain weight	9	1
zones	SafeCropZone	meanCropPlantDensity	plants m-2	Mean of sowing density	12	1
zones	SafeCropZone	meanCropSla	-	Mean of  Specific surface area	14	1
zones	SafeCropZone	meanCropTemperature	degreesC	Mean crop surface temperature	15	1
zones	SafeCropZone	meanCropRootDepth	m	Mean depth reached by root system	17	1
zones	SafeCropZone	totalCropRootLenght	m	Total Crop root lenght	42	1
zones	SafeCropZone	meanCropQngrain	kg N ha-1	Mean of nitrogen in harvested organs (grains / fruits)	18	1
zones	SafeCropZone	meanCropQnplante	kg N ha-1	Mean of nitrogen taken up by the plant	19	1
zones	SafeCropZone	meanCropCngrain	%	Mean of Nitrogen concentration of grains	20	1
zones	SafeCropZone	meanCropCnplante	%	Mean of Nitrogen concentration of entire plant	21	1
zones	SafeCropZone	meanCropHisafeWaterStress	-	mainCropHisafeWaterStress	22	1
zones	SafeCropZone	meanCropHisafeNitrogenStress	-	mainCropHisafeNitrogenStress	25	1
zones	SafeCropZone	meanCropNitrogenLaiStress	0-1	Mean Index of nitrogen stress active on leaf growth	26	1
zones	SafeCropZone	meanCropNitrogenBiomassStress	0-1	Mean of Index of nitrogen stress active on growth in biomass	27	1
zones	SafeCropZone	meanCropNitrogenSenescenceStress	0-1	Mean Index of nitrogen stress active on leaf death	28	1
zones	SafeCropZone	meanParIncident	mol.(m2 of plot)-1	Mean parIncident	29	1
zones	SafeCropZone	meanParInterceptedByCrop	mol.(m2 of plot)-1	mean ParIntercepted ByCrop	32	1
zones	SafeCropZone	totalParIncident	mol.(m2 of plot)-1	Mean parIncident	29	1
zones	SafeCropZone	totalParInterceptedByCrop	mol.(m2 of plot)-1	mean ParIntercepted ByCrop	32	1
zones	SafeCropZone	totalWaterUptakeByCrop	mm	Sum of water extracted by main crop (mm) 	44	1
zones	SafeCropZone	totalWaterUptakeByTrees	liters	Sum of water extracted by trees	45	1
zones	SafeCropZone	totalWaterUptakeInSaturationByCrop	mm	Sum of water extracted by main crop (mm) 	44	1
zones	SafeCropZone	totalWaterUptakeByTrees	liters	Sum of water extracted by trees	45	1
zones	SafeCropZone	totalWaterUptakeInSaturationByTrees	liters	Sum of water extracted by trees	45	1
zones	SafeCropZone	totalSoilEvaporation	mm	Sum of soil evaporation (mm) 	44	1
zones	SafeCropZone	totalIrrigation	mm	Irrigation in maincrop	40	1
zones	SafeCropZone	totalRainTransmittedByCrop	mm	Precipitation from input wth file	38	1
zones	SafeCropZone	totalRainInterceptedByCrop	mm	Precipitation from input wth file	38	1
zones	SafeCropZone	totalNitrogenUptakeByCrop	kg ha-1	Sum of N extracted by  crop 	44	1
zones	SafeCropZone	totalNitrogenUptakeByTrees	kg	Sum of N extracted by trees	45	1
zones	SafeCropZone	totalNitrogenUptakeInSaturationByCrop	kg ha-1	Sum of N extracted by  crop 	44	1
zones	SafeCropZone	totalNitrogenUptakeInSaturationByTrees	kg	Sum of N extracted by trees	45	1
zones	SafeCropZone	totalCropWaterDemand	mm	Total of Maximum transpiration flux (main crop area)	41	1
zones	SafeCropZone	totalCropWaterDemandReduced	mm	waterDemand * waterDemandReductionFactor	42	1
zones	SafeCropZone	totalCropNitrogenDemand	kg ha-1	Total of nitrogen demand	41	1
zones	SafeCropZone	meanSoilSurfaceTemperature	degrees	Mean soil surface temperature	42	1
zones	SafeCropZone	totalNitrogenRain	mm	Total of  run-off on the plot 	50	1
zones	SafeCropZone	totalNitrogenRunOff	mm	surfaceRunOff	51	1
zones	SafeCropZone	totalDrainageBottom	mm	DrainageBottom	114	1
zones	SafeCropZone	totalDrainageArtificial	mm	DrainageArtificial	115	1
zones	SafeCropZone	totalNitrogenFixation	kg N ha-1	Total Amount of fixed nitrogen by nodules (all plot)	117	1
zones	SafeCropZone	totalNitrogenHumusMineralisation	kg N ha-1	Total of cumulative mineral N arising from humus (all plot)	118	1
zones	SafeCropZone	totalNitrogenResiduMineralisation	kg N ha-1	Total of mineral N arising from organic residues (all plot)	119	1
zones	SafeCropZone	totalNitrogenDenitrification	kg N ha-1	 Daily denitrification of nitrogen from fertiliser or soil (if option  denitrification  is activated) (all plot)	120	1
zones	SafeCropZone	totalBiomassRestitution	t ha-1	quantity of aerial residues from the previous crop // t.ha-1	58	1
zones	SafeCropZone	totalCarbonResidus	kgC.ha-1	totalcarbonResidus	59	1
zones	SafeCropZone	totalNitrogenResidus	kgN.ha-1	totalNitrogenResidus	59	1
zones	SafeCropZone	totalNitrogenLeachingBottom	kg N ha-1	nitrogenLeachingBottom	121	1
zones	SafeCropZone	totalNitrogenLeachingWaterTable	kg N ha-1	nitrogenLeachingWaterTable	122	1
zones	SafeCropZone	totalNitrogenAddedByWaterTable	kg N ha-1	Nitrogen AddedByWaterTable	123	1
zones	SafeCropZone	totalNitrogenImmobilisation	kg N ha-1	Immobilisation	124	1
zones	SafeCropZone	totalNitrogenVolatilisation	kg N ha-1	Mean of volatilisation of nitrogen from fertiliser (all plot)	124	1
zones	SafeCropZone	totalNitrogenVolatilisationOrganic	kg N ha-1	nitrogenVolatilisationOrganic	125	1
zones	SafeCropZone	meanCropTempStressLue	0-1	Mean of index of thermal stress via light use efficiency during leaf area growth (main crop area) (1 = no stress)	137	1
zones	SafeCropZone	meanCropTempStressGrainFilling	0-1	Mean of index of thermal stress on grain filling (main crop area) (1 = no stress)	138	1
zones	SafeCropZone	meanCropFrostStressPlantDensity	0-1	mainCropFrostStressPlantDensity	139	1
zones	SafeCropZone	meanCropFrostStressFoliage	0-1	mainCropFrostStressFoliage	140	1
zones	SafeCropZone	meanCropFrostStressReprod	0-1	mainCropFrostStressReprod	141	1
zones	SafeCropZone	totalTreeCarbonLeafLitter	tC ha-1	Mean of carbon from leaves litter (all plot)	60	1
zones	SafeCropZone	totalTreeCarbonFineRootLitter	tC ha-1	Mean of carbon from fine roots litter (all plot above profhum)	61	1
zones	SafeCropZone	totalTreeCarbonCoarseRootLitter	tC ha-1	Mean of carbon from coarse roots litter (all plot above profhum)	62	1
zones	SafeCropZone	totalTreeCarbonFineRootDeepLitter	tC ha-1	Mean of carbon from fine roots deep litter (all plot bellow profhum)	63	1
zones	SafeCropZone	totalTreeCarbonCoarseRootDeepLitter	tC ha-1	Mean of carbon from coarse roots deep litter (all plot bellow profhum)	64	1
zones	SafeCropZone	totalTreeNitrogenLeafLitter	tN ha-1	Mean of nitrogen from leaves litter (all plot)	77	1
zones	SafeCropZone	totalTreeNitrogenFineRootLitter	tN ha-1	Mean of nitrogen from fine roots litter (all plot above profhum)	78	1
zones	SafeCropZone	totalTreeNitrogenCoarseRootLitter	tN ha-1	Mean of nitrogen from coarse roots litter (all plot above profhum)	79	1
zones	SafeCropZone	totalTreeNitrogenFineRootDeepLitter	tN ha-1	Mean of nitrogen from fine roots deep litter (all plot bellow profhum)	80	1
zones	SafeCropZone	totalTreeNitrogenCoarseRootDeepLitter	tN ha-1	Mean of nitrogen from coarse roots deep litter (all plot bellow profhum)	81	1
zones	SafeCropZone	totalCarbonHumusStock	kg C ha-1	Total amount of carbon (active + inactive) in the soil humus pool (mean of all cells)	65	1
zones	SafeCropZone	totalActiveCarbonHumusStock	kg C ha-1	Amount of active carbon in the soil humus pool (mean of all cells)	66	1
zones	SafeCropZone	totalInactiveCarbonHumusStock	kg C ha-1	Amount of inactive carbon in the soil humus pool (mean of all cells)	67	1
zones	SafeCropZone	totalNitrogenHumusStock	kg N ha-1	Total amount of nitrogen (active + inactive) in the soil humus pool (mean of all cells)	82	1
zones	SafeCropZone	totalActiveNitrogenHumusStock	kg N ha-1	Amount of active nitrogen in the soil humus pool (mean of all cells)	83	1
zones	SafeCropZone	totalInactiveNitrogenHumusStock	kg N ha-1	Amount of inactive nitrogen in the soil humus pool (mean of all cells)	84	1
zones	SafeCropZone	totalNitrogenFertilisationMineral	kg N ha-1	nitrogenFertilisationMineral	148	1
